127.0.0.1 - - [10/Oct/2018:10:56:27 -0500] "GET / HTTP/1.1" 404 1002
0:0:0:0:0:0:0:1 - - [10/Oct/2018:10:56:28 -0500] "GET /rapidcargo/ HTTP/1.1" 200 12681
0:0:0:0:0:0:0:1 - - [10/Oct/2018:10:56:28 -0500] "GET /rapidcargo/resources/bootstrapExtranet/lib/owlcarousel/owl.transitions.min.css HTTP/1.1" 200 3687
0:0:0:0:0:0:0:1 - - [10/Oct/2018:10:56:28 -0500] "GET /rapidcargo/resources/bootstrapExtranet/lib/owlcarousel/owl.theme.min.css HTTP/1.1" 200 1152
0:0:0:0:0:0:0:1 - - [10/Oct/2018:10:56:28 -0500] "GET /rapidcargo/resources/bootstrapExtranet/lib/bootstrap/css/bootstrap.min.css HTTP/1.1" 200 121200
0:0:0:0:0:0:0:1 - - [10/Oct/2018:10:56:28 -0500] "GET /rapidcargo/resources/bootstrapExtranet/css/style.css HTTP/1.1" 200 58545
0:0:0:0:0:0:0:1 - - [10/Oct/2018:10:56:28 -0500] "GET /rapidcargo/resources/bootstrapExtranet/lib/font-awesome/css/font-awesome.min.css HTTP/1.1" 200 31000
0:0:0:0:0:0:0:1 - - [10/Oct/2018:10:56:28 -0500] "GET /rapidcargo/resources/bootstrapExtranet/lib/owlcarousel/owl.carousel.min.css HTTP/1.1" 200 1174
0:0:0:0:0:0:0:1 - - [10/Oct/2018:10:56:28 -0500] "GET /rapidcargo/resources/bootstrapExtranet/lib/jquery/jquery.min.js HTTP/1.1" 200 97163
0:0:0:0:0:0:0:1 - - [10/Oct/2018:10:56:28 -0500] "GET /rapidcargo/ HTTP/1.1" 200 12681
0:0:0:0:0:0:0:1 - - [10/Oct/2018:10:56:28 -0500] "GET /rapidcargo/resources/bootstrapExtranet/lib/bootstrap/js/bootstrap.min.js HTTP/1.1" 200 37045
0:0:0:0:0:0:0:1 - - [10/Oct/2018:10:56:28 -0500] "GET /rapidcargo/resources/bootstrapExtranet/lib/stellar/stellar.min.js HTTP/1.1" 200 12636
0:0:0:0:0:0:0:1 - - [10/Oct/2018:10:56:28 -0500] "GET /rapidcargo/resources/bootstrapExtranet/lib/owlcarousel/owl.carousel.min.js HTTP/1.1" 200 23890
0:0:0:0:0:0:0:1 - - [10/Oct/2018:10:56:28 -0500] "GET /rapidcargo/resources/bootstrapExtranet/lib/waypoints/waypoints.min.js HTTP/1.1" 200 8044
0:0:0:0:0:0:0:1 - - [10/Oct/2018:10:56:28 -0500] "GET /rapidcargo/resources/bootstrapExtranet/lib/counterup/counterup.min.js HTTP/1.1" 200 1071
0:0:0:0:0:0:0:1 - - [10/Oct/2018:10:56:28 -0500] "GET /rapidcargo/resources/bootstrapExtranet/js/color-switcher.js HTTP/1.1" 200 1317
0:0:0:0:0:0:0:1 - - [10/Oct/2018:10:56:28 -0500] "GET /rapidcargo/resources/bootstrapExtranet/contactform/contactform.js HTTP/1.1" 200 3665
0:0:0:0:0:0:0:1 - - [10/Oct/2018:10:56:28 -0500] "GET /rapidcargo/resources/bootstrapExtranet/img/slides/slide3.png HTTP/1.1" 200 1048610
0:0:0:0:0:0:0:1 - - [10/Oct/2018:10:56:29 -0500] "GET /rapidcargo/resources/bootstrapExtranet/img/backgrounds/buildings.png HTTP/1.1" 200 308548
0:0:0:0:0:0:0:1 - - [10/Oct/2018:10:56:29 -0500] "GET /rapidcargo/resources/bootstrapExtranet/img/logo.png HTTP/1.1" 200 2009
0:0:0:0:0:0:0:1 - - [10/Oct/2018:10:56:29 -0500] "GET /rapidcargo/resources/bootstrapExtranet/lib/font-awesome/fonts/fontawesome-webfont.woff2?v=4.7.0 HTTP/1.1" 200 77160
0:0:0:0:0:0:0:1 - - [10/Oct/2018:10:56:29 -0500] "GET /rapidcargo/resources/bootstrapExtranet/img/icons/favicon.png HTTP/1.1" 404 1000
0:0:0:0:0:0:0:1 - - [10/Oct/2018:10:56:31 -0500] "GET /rapidcargo/login HTTP/1.1" 200 3679
0:0:0:0:0:0:0:1 - - [10/Oct/2018:10:56:31 -0500] "GET /rapidcargo/resources/bootstrapIntranet/vendor/animate.css/animate.css HTTP/1.1" 200 72259
0:0:0:0:0:0:0:1 - - [10/Oct/2018:10:56:31 -0500] "GET /rapidcargo/resources/bootstrapIntranet/styles/pe-icons/pe-icon-7-stroke.css HTTP/1.1" 200 9717
0:0:0:0:0:0:0:1 - - [10/Oct/2018:10:56:31 -0500] "GET /rapidcargo/resources/bootstrapIntranet/styles/pe-icons/helper.css HTTP/1.1" 200 3740
0:0:0:0:0:0:0:1 - - [10/Oct/2018:10:56:31 -0500] "GET /rapidcargo/resources/bootstrapIntranet/styles/stroke-icons/style.css HTTP/1.1" 200 4314
0:0:0:0:0:0:0:1 - - [10/Oct/2018:10:56:31 -0500] "GET /rapidcargo/resources/bootstrapIntranet/vendor/bootstrap/css/bootstrap.css HTTP/1.1" 200 146086
0:0:0:0:0:0:0:1 - - [10/Oct/2018:10:56:31 -0500] "GET /rapidcargo/resources/bootstrapIntranet/styles/style.css HTTP/1.1" 200 60417
0:0:0:0:0:0:0:1 - - [10/Oct/2018:10:56:31 -0500] "GET /rapidcargo/resources/bootstrapIntranet/vendor/pacejs/pace.min.js HTTP/1.1" 200 12363
0:0:0:0:0:0:0:1 - - [10/Oct/2018:10:56:31 -0500] "GET /rapidcargo/resources/bootstrapIntranet/vendor/jquery/dist/jquery.min.js HTTP/1.1" 200 85589
0:0:0:0:0:0:0:1 - - [10/Oct/2018:10:56:31 -0500] "GET /rapidcargo/resources/bootstrapIntranet/vendor/bootstrap/js/bootstrap.min.js HTTP/1.1" 200 36868
0:0:0:0:0:0:0:1 - - [10/Oct/2018:10:56:31 -0500] "GET /rapidcargo/resources/bootstrapIntranet/vendor/fontawesome/css/font-awesome.css HTTP/1.1" 200 33257
0:0:0:0:0:0:0:1 - - [10/Oct/2018:10:56:31 -0500] "GET /rapidcargo/resources/bootstrapIntranet/styles/pe-icons/Pe-icon-7-strokebb1d.woff?d7yf1v HTTP/1.1" 200 58556
127.0.0.1 - - [10/Oct/2018:10:56:50 -0500] "GET /rest/Usuario/VerificarAcceso?nombreUsuario=rawi&contrasena=5678 HTTP/1.1" 200 -
0:0:0:0:0:0:0:1 - - [10/Oct/2018:10:56:50 -0500] "POST /rapidcargo/VerificarAcceso HTTP/1.1" 302 -
0:0:0:0:0:0:0:1 - - [10/Oct/2018:10:56:50 -0500] "GET /rapidcargo/login?msg=Usuario%20o%20password%20no%20valido HTTP/1.1" 200 3739
127.0.0.1 - - [10/Oct/2018:10:56:57 -0500] "GET /rest/Usuario/VerificarAcceso?nombreUsuario=rawi&contrasena=5678 HTTP/1.1" 200 -
0:0:0:0:0:0:0:1 - - [10/Oct/2018:10:56:57 -0500] "POST /rapidcargo/VerificarAcceso HTTP/1.1" 302 -
0:0:0:0:0:0:0:1 - - [10/Oct/2018:10:56:57 -0500] "GET /rapidcargo/login?msg=Usuario%20o%20password%20no%20valido HTTP/1.1" 200 3739
127.0.0.1 - - [10/Oct/2018:10:57:13 -0500] "GET /rest/Usuario/VerificarAcceso?nombreUsuario=cybr&contrasena=5678 HTTP/1.1" 200 -
0:0:0:0:0:0:0:1 - - [10/Oct/2018:10:57:13 -0500] "POST /rapidcargo/VerificarAcceso HTTP/1.1" 302 -
0:0:0:0:0:0:0:1 - - [10/Oct/2018:10:57:13 -0500] "GET /rapidcargo/login?msg=Usuario%20o%20password%20no%20valido HTTP/1.1" 200 3739
127.0.0.1 - - [10/Oct/2018:10:58:01 -0500] "GET / HTTP/1.1" 404 1002
0:0:0:0:0:0:0:1 - - [10/Oct/2018:10:58:24 -0500] "GET /rapidcargo/ HTTP/1.1" 200 12681
0:0:0:0:0:0:0:1 - - [10/Oct/2018:10:58:24 -0500] "GET /rapidcargo/ HTTP/1.1" 200 12681
0:0:0:0:0:0:0:1 - - [10/Oct/2018:10:58:26 -0500] "GET /rapidcargo/login HTTP/1.1" 200 3679
127.0.0.1 - - [10/Oct/2018:10:58:31 -0500] "GET /rest/Usuario/VerificarAcceso?nombreUsuario=rawi&contrasena=5678 HTTP/1.1" 200 404
0:0:0:0:0:0:0:1 - - [10/Oct/2018:10:58:31 -0500] "POST /rapidcargo/VerificarAcceso HTTP/1.1" 302 -
0:0:0:0:0:0:0:1 - - [10/Oct/2018:10:58:32 -0500] "GET /rapidcargo/principalCajero;jsessionid=F25FF36872209E3FED5D2D2736010762 HTTP/1.1" 200 5629
0:0:0:0:0:0:0:1 - - [10/Oct/2018:10:58:32 -0500] "GET /rapidcargo/resources/bootstrapIntranet/vendor/toastr/toastr.min.css HTTP/1.1" 200 5993
0:0:0:0:0:0:0:1 - - [10/Oct/2018:10:58:32 -0500] "GET /rapidcargo/resources/bootstrapIntranet/scripts/luna.js HTTP/1.1" 200 1313
0:0:0:0:0:0:0:1 - - [10/Oct/2018:10:58:32 -0500] "GET /rapidcargo/resources/bootstrapIntranet/images/profile.jpg HTTP/1.1" 200 17887
0:0:0:0:0:0:0:1 - - [10/Oct/2018:10:58:32 -0500] "GET /rapidcargo/resources/bootstrapIntranet/styles/stroke-icons/stroke798b.woff?-yg5sl9 HTTP/1.1" 200 19900
127.0.0.1 - - [10/Oct/2018:10:58:36 -0500] "GET /rest/Ruta/ListarRutasCajero?idCiudad=1 HTTP/1.1" 200 136
0:0:0:0:0:0:0:1 - - [10/Oct/2018:10:58:36 -0500] "GET /rapidcargo/NuevaEncomienda HTTP/1.1" 200 13239
127.0.0.1 - - [10/Oct/2018:10:58:57 -0500] "GET /rest/Cliente/ValidarDNI?dni=3 HTTP/1.1" 200 15
0:0:0:0:0:0:0:1 - - [10/Oct/2018:10:58:57 -0500] "GET /rapidcargo/validarDNI?dni=3 HTTP/1.1" 200 55
127.0.0.1 - - [10/Oct/2018:10:58:57 -0500] "GET /rest/Cliente/ValidarDNI?dni=30 HTTP/1.1" 200 15
0:0:0:0:0:0:0:1 - - [10/Oct/2018:10:58:57 -0500] "GET /rapidcargo/validarDNI?dni=30 HTTP/1.1" 200 55
127.0.0.1 - - [10/Oct/2018:10:58:58 -0500] "GET /rest/Cliente/ValidarDNI?dni=300 HTTP/1.1" 200 15
0:0:0:0:0:0:0:1 - - [10/Oct/2018:10:58:58 -0500] "GET /rapidcargo/validarDNI?dni=300 HTTP/1.1" 200 55
127.0.0.1 - - [10/Oct/2018:10:58:58 -0500] "GET /rest/Cliente/ValidarDNI?dni=3000 HTTP/1.1" 200 15
0:0:0:0:0:0:0:1 - - [10/Oct/2018:10:58:58 -0500] "GET /rapidcargo/validarDNI?dni=3000 HTTP/1.1" 200 55
127.0.0.1 - - [10/Oct/2018:10:58:59 -0500] "GET /rest/Cliente/ValidarDNI?dni=30000 HTTP/1.1" 200 15
0:0:0:0:0:0:0:1 - - [10/Oct/2018:10:58:59 -0500] "GET /rapidcargo/validarDNI?dni=30000 HTTP/1.1" 200 55
127.0.0.1 - - [10/Oct/2018:10:58:59 -0500] "GET /rest/Cliente/ValidarDNI?dni=300000 HTTP/1.1" 200 15
0:0:0:0:0:0:0:1 - - [10/Oct/2018:10:58:59 -0500] "GET /rapidcargo/validarDNI?dni=300000 HTTP/1.1" 200 55
127.0.0.1 - - [10/Oct/2018:10:59:00 -0500] "GET /rest/Cliente/ValidarDNI?dni=3000000 HTTP/1.1" 200 15
0:0:0:0:0:0:0:1 - - [10/Oct/2018:10:59:00 -0500] "GET /rapidcargo/validarDNI?dni=3000000 HTTP/1.1" 200 55
127.0.0.1 - - [10/Oct/2018:10:59:01 -0500] "GET /rest/Cliente/ValidarDNI?dni=30000001 HTTP/1.1" 200 14
0:0:0:0:0:0:0:1 - - [10/Oct/2018:10:59:01 -0500] "GET /rapidcargo/validarDNI?dni=30000001 HTTP/1.1" 200 53
127.0.0.1 - - [10/Oct/2018:10:59:02 -0500] "GET /rest/Cliente/DevolverCliente?dni=30000001 HTTP/1.1" 200 213
0:0:0:0:0:0:0:1 - - [10/Oct/2018:10:59:02 -0500] "GET /rapidcargo/listarCliente?dni=30000001 HTTP/1.1" 200 515
127.0.0.1 - - [10/Oct/2018:11:00:14 -0500] "GET /rest/Encomienda/validarPeso?peso=2.0 HTTP/1.1" 200 14
127.0.0.1 - - [10/Oct/2018:11:00:14 -0500] "GET /rest/Encomienda/calcularMonto?peso=2.0 HTTP/1.1" 200 13
0:0:0:0:0:0:0:1 - - [10/Oct/2018:11:00:14 -0500] "GET /rapidcargo/calcularMonto?peso=2 HTTP/1.1" 200 13
0:0:0:0:0:0:0:1 - - [10/Oct/2018:11:00:14 -0500] "GET /rapidcargo/calcularMonto?peso=25 HTTP/1.1" 200 13
127.0.0.1 - - [10/Oct/2018:11:00:14 -0500] "GET /rest/Encomienda/validarPeso?peso=25.0 HTTP/1.1" 200 10
0:0:0:0:0:0:0:1 - - [10/Oct/2018:11:00:17 -0500] "GET /rapidcargo/calcularMonto?peso= HTTP/1.1" 400 1031
127.0.0.1 - - [10/Oct/2018:11:00:18 -0500] "GET /rest/Encomienda/validarPeso?peso=0.1 HTTP/1.1" 200 14
127.0.0.1 - - [10/Oct/2018:11:00:18 -0500] "GET /rest/Encomienda/calcularMonto?peso=0.1 HTTP/1.1" 200 13
0:0:0:0:0:0:0:1 - - [10/Oct/2018:11:00:18 -0500] "GET /rapidcargo/calcularMonto?peso=0.1 HTTP/1.1" 200 13
127.0.0.1 - - [10/Oct/2018:11:00:18 -0500] "GET /rest/Encomienda/validarPeso?peso=0.11 HTTP/1.1" 200 14
127.0.0.1 - - [10/Oct/2018:11:00:18 -0500] "GET /rest/Encomienda/calcularMonto?peso=0.11 HTTP/1.1" 200 20
0:0:0:0:0:0:0:1 - - [10/Oct/2018:11:00:18 -0500] "GET /rapidcargo/calcularMonto?peso=0.11 HTTP/1.1" 200 20
127.0.0.1 - - [10/Oct/2018:11:00:18 -0500] "GET /rest/Encomienda/validarPeso?peso=0.12 HTTP/1.1" 200 14
127.0.0.1 - - [10/Oct/2018:11:00:18 -0500] "GET /rest/Encomienda/calcularMonto?peso=0.12 HTTP/1.1" 200 20
0:0:0:0:0:0:0:1 - - [10/Oct/2018:11:00:18 -0500] "GET /rapidcargo/calcularMonto?peso=0.12 HTTP/1.1" 200 20
127.0.0.1 - - [10/Oct/2018:11:00:19 -0500] "GET /rest/Encomienda/validarPeso?peso=0.13 HTTP/1.1" 200 14
127.0.0.1 - - [10/Oct/2018:11:00:19 -0500] "GET /rest/Encomienda/calcularMonto?peso=0.13 HTTP/1.1" 200 14
0:0:0:0:0:0:0:1 - - [10/Oct/2018:11:00:19 -0500] "GET /rapidcargo/calcularMonto?peso=0.13 HTTP/1.1" 200 14
127.0.0.1 - - [10/Oct/2018:11:00:19 -0500] "GET /rest/Encomienda/validarPeso?peso=0.14 HTTP/1.1" 200 14
127.0.0.1 - - [10/Oct/2018:11:00:19 -0500] "GET /rest/Encomienda/calcularMonto?peso=0.14 HTTP/1.1" 200 20
0:0:0:0:0:0:0:1 - - [10/Oct/2018:11:00:19 -0500] "GET /rapidcargo/calcularMonto?peso=0.14 HTTP/1.1" 200 20
127.0.0.1 - - [10/Oct/2018:11:00:19 -0500] "GET /rest/Encomienda/validarPeso?peso=0.15 HTTP/1.1" 200 14
127.0.0.1 - - [10/Oct/2018:11:00:19 -0500] "GET /rest/Encomienda/calcularMonto?peso=0.15 HTTP/1.1" 200 20
0:0:0:0:0:0:0:1 - - [10/Oct/2018:11:00:19 -0500] "GET /rapidcargo/calcularMonto?peso=0.15 HTTP/1.1" 200 20
127.0.0.1 - - [10/Oct/2018:11:00:19 -0500] "GET /rest/Encomienda/validarPeso?peso=0.16 HTTP/1.1" 200 14
127.0.0.1 - - [10/Oct/2018:11:00:19 -0500] "GET /rest/Encomienda/calcularMonto?peso=0.16 HTTP/1.1" 200 14
0:0:0:0:0:0:0:1 - - [10/Oct/2018:11:00:19 -0500] "GET /rapidcargo/calcularMonto?peso=0.16 HTTP/1.1" 200 14
127.0.0.1 - - [10/Oct/2018:11:00:19 -0500] "GET /rest/Encomienda/validarPeso?peso=0.17 HTTP/1.1" 200 14
127.0.0.1 - - [10/Oct/2018:11:00:19 -0500] "GET /rest/Encomienda/calcularMonto?peso=0.17 HTTP/1.1" 200 14
0:0:0:0:0:0:0:1 - - [10/Oct/2018:11:00:19 -0500] "GET /rapidcargo/calcularMonto?peso=0.17 HTTP/1.1" 200 14
127.0.0.1 - - [10/Oct/2018:11:00:19 -0500] "GET /rest/Encomienda/validarPeso?peso=0.18 HTTP/1.1" 200 14
127.0.0.1 - - [10/Oct/2018:11:00:19 -0500] "GET /rest/Encomienda/calcularMonto?peso=0.18 HTTP/1.1" 200 14
0:0:0:0:0:0:0:1 - - [10/Oct/2018:11:00:19 -0500] "GET /rapidcargo/calcularMonto?peso=0.18 HTTP/1.1" 200 14
127.0.0.1 - - [10/Oct/2018:11:00:20 -0500] "GET /rest/Encomienda/validarPeso?peso=0.19 HTTP/1.1" 200 14
127.0.0.1 - - [10/Oct/2018:11:00:20 -0500] "GET /rest/Encomienda/calcularMonto?peso=0.19 HTTP/1.1" 200 14
0:0:0:0:0:0:0:1 - - [10/Oct/2018:11:00:20 -0500] "GET /rapidcargo/calcularMonto?peso=0.19 HTTP/1.1" 200 14
127.0.0.1 - - [10/Oct/2018:11:00:20 -0500] "GET /rest/Encomienda/validarPeso?peso=0.2 HTTP/1.1" 200 14
127.0.0.1 - - [10/Oct/2018:11:00:20 -0500] "GET /rest/Encomienda/calcularMonto?peso=0.2 HTTP/1.1" 200 13
0:0:0:0:0:0:0:1 - - [10/Oct/2018:11:00:20 -0500] "GET /rapidcargo/calcularMonto?peso=0.2 HTTP/1.1" 200 13
127.0.0.1 - - [10/Oct/2018:11:00:20 -0500] "GET /rest/Encomienda/validarPeso?peso=0.21 HTTP/1.1" 200 14
127.0.0.1 - - [10/Oct/2018:11:00:20 -0500] "GET /rest/Encomienda/calcularMonto?peso=0.21 HTTP/1.1" 200 14
0:0:0:0:0:0:0:1 - - [10/Oct/2018:11:00:20 -0500] "GET /rapidcargo/calcularMonto?peso=0.21 HTTP/1.1" 200 14
127.0.0.1 - - [10/Oct/2018:11:00:20 -0500] "GET /rest/Encomienda/validarPeso?peso=0.22 HTTP/1.1" 200 14
127.0.0.1 - - [10/Oct/2018:11:00:20 -0500] "GET /rest/Encomienda/calcularMonto?peso=0.22 HTTP/1.1" 200 20
0:0:0:0:0:0:0:1 - - [10/Oct/2018:11:00:20 -0500] "GET /rapidcargo/calcularMonto?peso=0.22 HTTP/1.1" 200 20
127.0.0.1 - - [10/Oct/2018:11:00:20 -0500] "GET /rest/Encomienda/validarPeso?peso=0.23 HTTP/1.1" 200 14
127.0.0.1 - - [10/Oct/2018:11:00:20 -0500] "GET /rest/Encomienda/calcularMonto?peso=0.23 HTTP/1.1" 200 14
0:0:0:0:0:0:0:1 - - [10/Oct/2018:11:00:20 -0500] "GET /rapidcargo/calcularMonto?peso=0.23 HTTP/1.1" 200 14
127.0.0.1 - - [10/Oct/2018:11:00:21 -0500] "GET /rest/Encomienda/validarPeso?peso=0.24 HTTP/1.1" 200 9
0:0:0:0:0:0:0:1 - - [10/Oct/2018:11:00:21 -0500] "GET /rapidcargo/calcularMonto?peso=0.24 HTTP/1.1" 200 20
127.0.0.1 - - [10/Oct/2018:11:00:21 -0500] "GET /rest/Encomienda/calcularMonto?peso=0.24 HTTP/1.1" 200 20
127.0.0.1 - - [10/Oct/2018:11:00:21 -0500] "GET /rest/Encomienda/validarPeso?peso=0.25 HTTP/1.1" 200 14
127.0.0.1 - - [10/Oct/2018:11:00:21 -0500] "GET /rest/Encomienda/calcularMonto?peso=0.25 HTTP/1.1" 200 14
0:0:0:0:0:0:0:1 - - [10/Oct/2018:11:00:21 -0500] "GET /rapidcargo/calcularMonto?peso=0.25 HTTP/1.1" 200 14
127.0.0.1 - - [10/Oct/2018:11:00:23 -0500] "GET /rest/Encomienda/validarPeso?peso=0.26 HTTP/1.1" 200 14
127.0.0.1 - - [10/Oct/2018:11:00:23 -0500] "GET /rest/Encomienda/calcularMonto?peso=0.26 HTTP/1.1" 200 14
0:0:0:0:0:0:0:1 - - [10/Oct/2018:11:00:23 -0500] "GET /rapidcargo/calcularMonto?peso=0.26 HTTP/1.1" 200 14
127.0.0.1 - - [10/Oct/2018:11:00:23 -0500] "GET /rest/Encomienda/validarPeso?peso=0.27 HTTP/1.1" 200 14
127.0.0.1 - - [10/Oct/2018:11:00:23 -0500] "GET /rest/Encomienda/calcularMonto?peso=0.27 HTTP/1.1" 200 20
0:0:0:0:0:0:0:1 - - [10/Oct/2018:11:00:23 -0500] "GET /rapidcargo/calcularMonto?peso=0.27 HTTP/1.1" 200 20
127.0.0.1 - - [10/Oct/2018:11:00:23 -0500] "GET /rest/Encomienda/validarPeso?peso=0.28 HTTP/1.1" 200 14
0:0:0:0:0:0:0:1 - - [10/Oct/2018:11:00:23 -0500] "GET /rapidcargo/calcularMonto?peso=0.28 HTTP/1.1" 200 20
127.0.0.1 - - [10/Oct/2018:11:00:23 -0500] "GET /rest/Encomienda/calcularMonto?peso=0.28 HTTP/1.1" 200 20
127.0.0.1 - - [10/Oct/2018:11:00:23 -0500] "GET /rest/Encomienda/validarPeso?peso=0.29 HTTP/1.1" 200 14
127.0.0.1 - - [10/Oct/2018:11:00:23 -0500] "GET /rest/Encomienda/calcularMonto?peso=0.29 HTTP/1.1" 200 14
0:0:0:0:0:0:0:1 - - [10/Oct/2018:11:00:23 -0500] "GET /rapidcargo/calcularMonto?peso=0.29 HTTP/1.1" 200 14
127.0.0.1 - - [10/Oct/2018:11:00:23 -0500] "GET /rest/Encomienda/validarPeso?peso=0.3 HTTP/1.1" 200 14
127.0.0.1 - - [10/Oct/2018:11:00:23 -0500] "GET /rest/Encomienda/calcularMonto?peso=0.3 HTTP/1.1" 200 20
0:0:0:0:0:0:0:1 - - [10/Oct/2018:11:00:23 -0500] "GET /rapidcargo/calcularMonto?peso=0.3 HTTP/1.1" 200 20
127.0.0.1 - - [10/Oct/2018:11:00:24 -0500] "GET /rest/Encomienda/validarPeso?peso=0.31 HTTP/1.1" 200 14
127.0.0.1 - - [10/Oct/2018:11:00:24 -0500] "GET /rest/Encomienda/calcularMonto?peso=0.31 HTTP/1.1" 200 14
0:0:0:0:0:0:0:1 - - [10/Oct/2018:11:00:24 -0500] "GET /rapidcargo/calcularMonto?peso=0.31 HTTP/1.1" 200 14
127.0.0.1 - - [10/Oct/2018:11:00:24 -0500] "GET /rest/Encomienda/validarPeso?peso=0.32 HTTP/1.1" 200 14
127.0.0.1 - - [10/Oct/2018:11:00:24 -0500] "GET /rest/Encomienda/calcularMonto?peso=0.32 HTTP/1.1" 200 14
0:0:0:0:0:0:0:1 - - [10/Oct/2018:11:00:24 -0500] "GET /rapidcargo/calcularMonto?peso=0.32 HTTP/1.1" 200 14
127.0.0.1 - - [10/Oct/2018:11:00:26 -0500] "GET /rest/Encomienda/validarPeso?peso=2.0 HTTP/1.1" 200 14
127.0.0.1 - - [10/Oct/2018:11:00:26 -0500] "GET /rest/Encomienda/calcularMonto?peso=2.0 HTTP/1.1" 200 13
0:0:0:0:0:0:0:1 - - [10/Oct/2018:11:00:26 -0500] "GET /rapidcargo/calcularMonto?peso=2 HTTP/1.1" 200 13
0:0:0:0:0:0:0:1 - - [10/Oct/2018:11:00:26 -0500] "GET /rapidcargo/calcularMonto?peso=25 HTTP/1.1" 200 13
127.0.0.1 - - [10/Oct/2018:11:00:26 -0500] "GET /rest/Encomienda/validarPeso?peso=25.0 HTTP/1.1" 200 10
127.0.0.1 - - [10/Oct/2018:11:00:28 -0500] "GET /rest/Encomienda/validarPeso?peso=1.0 HTTP/1.1" 200 14
127.0.0.1 - - [10/Oct/2018:11:00:28 -0500] "GET /rest/Encomienda/calcularMonto?peso=1.0 HTTP/1.1" 200 13
0:0:0:0:0:0:0:1 - - [10/Oct/2018:11:00:28 -0500] "GET /rapidcargo/calcularMonto?peso=1 HTTP/1.1" 200 13
127.0.0.1 - - [10/Oct/2018:11:00:29 -0500] "GET /rest/Encomienda/validarPeso?peso=18.0 HTTP/1.1" 200 14
127.0.0.1 - - [10/Oct/2018:11:00:29 -0500] "GET /rest/Encomienda/calcularMonto?peso=18.0 HTTP/1.1" 200 14
0:0:0:0:0:0:0:1 - - [10/Oct/2018:11:00:29 -0500] "GET /rapidcargo/calcularMonto?peso=18 HTTP/1.1" 200 14
127.0.0.1 - - [10/Oct/2018:11:01:27 -0500] "GET /rest/Ruta/ListarRutasCajero?idCiudad=1 HTTP/1.1" 200 136
0:0:0:0:0:0:0:1 - - [10/Oct/2018:11:01:27 -0500] "GET /rapidcargo/NuevaEncomienda HTTP/1.1" 200 13239
127.0.0.1 - - [10/Oct/2018:11:01:34 -0500] "GET /rest/Encomienda/validarPeso?peso=1.0 HTTP/1.1" 200 14
127.0.0.1 - - [10/Oct/2018:11:01:34 -0500] "GET /rest/Encomienda/calcularMonto?peso=1.0 HTTP/1.1" 200 13
0:0:0:0:0:0:0:1 - - [10/Oct/2018:11:01:34 -0500] "GET /rapidcargo/calcularMonto?peso=1 HTTP/1.1" 200 13
127.0.0.1 - - [10/Oct/2018:11:01:34 -0500] "GET /rest/Encomienda/validarPeso?peso=16.0 HTTP/1.1" 200 14
127.0.0.1 - - [10/Oct/2018:11:01:34 -0500] "GET /rest/Encomienda/calcularMonto?peso=16.0 HTTP/1.1" 200 14
0:0:0:0:0:0:0:1 - - [10/Oct/2018:11:01:34 -0500] "GET /rapidcargo/calcularMonto?peso=16 HTTP/1.1" 200 14
127.0.0.1 - - [10/Oct/2018:11:04:39 -0500] "GET /rest/Sucursal/ListarSucursalCajero?idRuta=1 HTTP/1.1" 200 242
0:0:0:0:0:0:0:1 - - [10/Oct/2018:11:04:39 -0500] "GET /rapidcargo/cargarSucursales?idRuta=1 HTTP/1.1" 200 94
127.0.0.1 - - [10/Oct/2018:11:05:27 -0500] "GET /rest/Cliente/ValidarDNI?dni=3 HTTP/1.1" 200 15
0:0:0:0:0:0:0:1 - - [10/Oct/2018:11:05:27 -0500] "GET /rapidcargo/validarDNI?dni=3 HTTP/1.1" 200 55
127.0.0.1 - - [10/Oct/2018:11:05:31 -0500] "GET /rest/Cliente/ValidarDNI?dni=30 HTTP/1.1" 200 15
0:0:0:0:0:0:0:1 - - [10/Oct/2018:11:05:31 -0500] "GET /rapidcargo/validarDNI?dni=30 HTTP/1.1" 200 55
127.0.0.1 - - [10/Oct/2018:11:05:31 -0500] "GET /rest/Cliente/ValidarDNI?dni=300 HTTP/1.1" 200 15
0:0:0:0:0:0:0:1 - - [10/Oct/2018:11:05:31 -0500] "GET /rapidcargo/validarDNI?dni=300 HTTP/1.1" 200 55
127.0.0.1 - - [10/Oct/2018:11:05:31 -0500] "GET /rest/Cliente/ValidarDNI?dni=3000 HTTP/1.1" 200 15
0:0:0:0:0:0:0:1 - - [10/Oct/2018:11:05:31 -0500] "GET /rapidcargo/validarDNI?dni=3000 HTTP/1.1" 200 55
127.0.0.1 - - [10/Oct/2018:11:05:33 -0500] "GET /rest/Cliente/ValidarDNI?dni=30000 HTTP/1.1" 200 15
0:0:0:0:0:0:0:1 - - [10/Oct/2018:11:05:33 -0500] "GET /rapidcargo/validarDNI?dni=30000 HTTP/1.1" 200 55
127.0.0.1 - - [10/Oct/2018:11:05:33 -0500] "GET /rest/Cliente/ValidarDNI?dni=300000 HTTP/1.1" 200 15
0:0:0:0:0:0:0:1 - - [10/Oct/2018:11:05:33 -0500] "GET /rapidcargo/validarDNI?dni=300000 HTTP/1.1" 200 55
127.0.0.1 - - [10/Oct/2018:11:05:33 -0500] "GET /rest/Cliente/ValidarDNI?dni=3000000 HTTP/1.1" 200 15
0:0:0:0:0:0:0:1 - - [10/Oct/2018:11:05:33 -0500] "GET /rapidcargo/validarDNI?dni=3000000 HTTP/1.1" 200 55
127.0.0.1 - - [10/Oct/2018:11:05:35 -0500] "GET /rest/Cliente/ValidarDNI?dni=30000001 HTTP/1.1" 200 14
0:0:0:0:0:0:0:1 - - [10/Oct/2018:11:05:35 -0500] "GET /rapidcargo/validarDNI?dni=30000001 HTTP/1.1" 200 53
127.0.0.1 - - [10/Oct/2018:11:07:03 -0500] "GET /rest/Ruta/ListarRutasCajero?idCiudad=1 HTTP/1.1" 200 136
0:0:0:0:0:0:0:1 - - [10/Oct/2018:11:07:03 -0500] "GET /rapidcargo/NuevaEncomienda HTTP/1.1" 200 13125
127.0.0.1 - - [10/Oct/2018:11:07:22 -0500] "GET /rest/Ruta/ListarRutasCajero?idCiudad=1 HTTP/1.1" 200 136
0:0:0:0:0:0:0:1 - - [10/Oct/2018:11:07:22 -0500] "GET /rapidcargo/NuevaEncomienda HTTP/1.1" 200 13125
127.0.0.1 - - [10/Oct/2018:11:13:10 -0500] "GET / HTTP/1.1" 404 1002
0:0:0:0:0:0:0:1 - - [10/Oct/2018:11:13:10 -0500] "GET /rapidcargo/ HTTP/1.1" 200 12681
0:0:0:0:0:0:0:1 - - [10/Oct/2018:11:13:11 -0500] "GET /rapidcargo/ HTTP/1.1" 200 12681
0:0:0:0:0:0:0:1 - - [10/Oct/2018:11:13:14 -0500] "GET /rapidcargo/login HTTP/1.1" 200 3679
127.0.0.1 - - [10/Oct/2018:11:13:19 -0500] "GET /rest/Usuario/VerificarAcceso?nombreUsuario=rawi&contrasena=5678 HTTP/1.1" 200 404
0:0:0:0:0:0:0:1 - - [10/Oct/2018:11:13:19 -0500] "POST /rapidcargo/VerificarAcceso HTTP/1.1" 302 -
0:0:0:0:0:0:0:1 - - [10/Oct/2018:11:13:19 -0500] "GET /rapidcargo/principalCajero HTTP/1.1" 200 5629
127.0.0.1 - - [10/Oct/2018:11:13:20 -0500] "GET /rest/Ruta/ListarRutasCajero?idCiudad=1 HTTP/1.1" 200 136
0:0:0:0:0:0:0:1 - - [10/Oct/2018:11:13:20 -0500] "GET /rapidcargo/NuevaEncomienda HTTP/1.1" 200 13125
127.0.0.1 - - [10/Oct/2018:11:13:41 -0500] "GET /rest/Encomienda/validarPeso?peso=0.1 HTTP/1.1" 200 14
127.0.0.1 - - [10/Oct/2018:11:13:41 -0500] "GET /rest/Encomienda/calcularMonto?peso=0.1 HTTP/1.1" 200 13
0:0:0:0:0:0:0:1 - - [10/Oct/2018:11:13:41 -0500] "GET /rapidcargo/calcularMonto?peso=0.1 HTTP/1.1" 200 13
127.0.0.1 - - [10/Oct/2018:11:13:41 -0500] "GET /rest/Encomienda/validarPeso?peso=0.11 HTTP/1.1" 200 14
127.0.0.1 - - [10/Oct/2018:11:13:41 -0500] "GET /rest/Encomienda/calcularMonto?peso=0.11 HTTP/1.1" 200 20
0:0:0:0:0:0:0:1 - - [10/Oct/2018:11:13:41 -0500] "GET /rapidcargo/calcularMonto?peso=0.11 HTTP/1.1" 200 20
127.0.0.1 - - [10/Oct/2018:11:13:41 -0500] "GET /rest/Encomienda/validarPeso?peso=0.12 HTTP/1.1" 200 14
127.0.0.1 - - [10/Oct/2018:11:13:41 -0500] "GET /rest/Encomienda/calcularMonto?peso=0.12 HTTP/1.1" 200 20
0:0:0:0:0:0:0:1 - - [10/Oct/2018:11:13:41 -0500] "GET /rapidcargo/calcularMonto?peso=0.12 HTTP/1.1" 200 20
127.0.0.1 - - [10/Oct/2018:11:13:41 -0500] "GET /rest/Encomienda/validarPeso?peso=0.13 HTTP/1.1" 200 14
127.0.0.1 - - [10/Oct/2018:11:13:41 -0500] "GET /rest/Encomienda/calcularMonto?peso=0.13 HTTP/1.1" 200 14
0:0:0:0:0:0:0:1 - - [10/Oct/2018:11:13:41 -0500] "GET /rapidcargo/calcularMonto?peso=0.13 HTTP/1.1" 200 14
127.0.0.1 - - [10/Oct/2018:11:13:41 -0500] "GET /rest/Encomienda/validarPeso?peso=0.14 HTTP/1.1" 200 14
127.0.0.1 - - [10/Oct/2018:11:13:41 -0500] "GET /rest/Encomienda/calcularMonto?peso=0.14 HTTP/1.1" 200 20
0:0:0:0:0:0:0:1 - - [10/Oct/2018:11:13:41 -0500] "GET /rapidcargo/calcularMonto?peso=0.14 HTTP/1.1" 200 20
127.0.0.1 - - [10/Oct/2018:11:13:43 -0500] "GET /rest/Encomienda/validarPeso?peso=2.0 HTTP/1.1" 200 14
127.0.0.1 - - [10/Oct/2018:11:13:43 -0500] "GET /rest/Encomienda/calcularMonto?peso=2.0 HTTP/1.1" 200 13
0:0:0:0:0:0:0:1 - - [10/Oct/2018:11:13:43 -0500] "GET /rapidcargo/calcularMonto?peso=2 HTTP/1.1" 200 13
0:0:0:0:0:0:0:1 - - [10/Oct/2018:11:13:44 -0500] "GET /rapidcargo/calcularMonto?peso=25 HTTP/1.1" 200 13
127.0.0.1 - - [10/Oct/2018:11:13:44 -0500] "GET /rest/Encomienda/validarPeso?peso=25.0 HTTP/1.1" 200 10
127.0.0.1 - - [10/Oct/2018:11:13:46 -0500] "GET /rest/Encomienda/validarPeso?peso=1.0 HTTP/1.1" 200 14
127.0.0.1 - - [10/Oct/2018:11:13:46 -0500] "GET /rest/Encomienda/calcularMonto?peso=1.0 HTTP/1.1" 200 13
0:0:0:0:0:0:0:1 - - [10/Oct/2018:11:13:46 -0500] "GET /rapidcargo/calcularMonto?peso=1 HTTP/1.1" 200 13
127.0.0.1 - - [10/Oct/2018:11:13:47 -0500] "GET /rest/Encomienda/validarPeso?peso=16.0 HTTP/1.1" 200 14
127.0.0.1 - - [10/Oct/2018:11:13:47 -0500] "GET /rest/Encomienda/calcularMonto?peso=16.0 HTTP/1.1" 200 14
0:0:0:0:0:0:0:1 - - [10/Oct/2018:11:13:47 -0500] "GET /rapidcargo/calcularMonto?peso=16 HTTP/1.1" 200 14
127.0.0.1 - - [10/Oct/2018:11:13:51 -0500] "GET /rest/Encomienda/validarPeso?peso=2.0 HTTP/1.1" 200 9
127.0.0.1 - - [10/Oct/2018:11:13:51 -0500] "GET /rest/Encomienda/calcularMonto?peso=2.0 HTTP/1.1" 200 13
0:0:0:0:0:0:0:1 - - [10/Oct/2018:11:13:51 -0500] "GET /rapidcargo/calcularMonto?peso=2 HTTP/1.1" 200 13
127.0.0.1 - - [10/Oct/2018:11:13:52 -0500] "GET /rest/Encomienda/validarPeso?peso=20.0 HTTP/1.1" 200 14
127.0.0.1 - - [10/Oct/2018:11:13:52 -0500] "GET /rest/Encomienda/calcularMonto?peso=20.0 HTTP/1.1" 200 15
0:0:0:0:0:0:0:1 - - [10/Oct/2018:11:13:52 -0500] "GET /rapidcargo/calcularMonto?peso=20 HTTP/1.1" 200 15
127.0.0.1 - - [10/Oct/2018:11:14:02 -0500] "GET /rest/Encomienda/validarPeso?peso=19.99 HTTP/1.1" 200 14
127.0.0.1 - - [10/Oct/2018:11:14:02 -0500] "GET /rest/Encomienda/calcularMonto?peso=19.99 HTTP/1.1" 200 18
0:0:0:0:0:0:0:1 - - [10/Oct/2018:11:14:02 -0500] "GET /rapidcargo/calcularMonto?peso=19.99 HTTP/1.1" 200 18
127.0.0.1 - - [10/Oct/2018:11:14:03 -0500] "GET /rest/Encomienda/validarPeso?peso=20.0 HTTP/1.1" 200 14
127.0.0.1 - - [10/Oct/2018:11:14:03 -0500] "GET /rest/Encomienda/calcularMonto?peso=20.0 HTTP/1.1" 200 15
0:0:0:0:0:0:0:1 - - [10/Oct/2018:11:14:03 -0500] "GET /rapidcargo/calcularMonto?peso=20 HTTP/1.1" 200 15
127.0.0.1 - - [10/Oct/2018:11:14:05 -0500] "GET /rest/Encomienda/validarPeso?peso=19.99 HTTP/1.1" 200 14
127.0.0.1 - - [10/Oct/2018:11:14:05 -0500] "GET /rest/Encomienda/calcularMonto?peso=19.99 HTTP/1.1" 200 18
0:0:0:0:0:0:0:1 - - [10/Oct/2018:11:14:05 -0500] "GET /rapidcargo/calcularMonto?peso=19.99 HTTP/1.1" 200 18
127.0.0.1 - - [10/Oct/2018:11:14:05 -0500] "GET /rest/Encomienda/validarPeso?peso=19.98 HTTP/1.1" 200 14
127.0.0.1 - - [10/Oct/2018:11:14:05 -0500] "GET /rest/Encomienda/calcularMonto?peso=19.98 HTTP/1.1" 200 17
0:0:0:0:0:0:0:1 - - [10/Oct/2018:11:14:05 -0500] "GET /rapidcargo/calcularMonto?peso=19.98 HTTP/1.1" 200 17
127.0.0.1 - - [10/Oct/2018:11:14:05 -0500] "GET /rest/Encomienda/validarPeso?peso=19.97 HTTP/1.1" 200 14
127.0.0.1 - - [10/Oct/2018:11:14:05 -0500] "GET /rest/Encomienda/calcularMonto?peso=19.97 HTTP/1.1" 200 18
0:0:0:0:0:0:0:1 - - [10/Oct/2018:11:14:05 -0500] "GET /rapidcargo/calcularMonto?peso=19.97 HTTP/1.1" 200 18
127.0.0.1 - - [10/Oct/2018:11:14:20 -0500] "GET /rest/Sucursal/ListarSucursalCajero?idRuta=1 HTTP/1.1" 200 242
0:0:0:0:0:0:0:1 - - [10/Oct/2018:11:14:20 -0500] "GET /rapidcargo/cargarSucursales?idRuta=1 HTTP/1.1" 200 94
127.0.0.1 - - [10/Oct/2018:11:14:20 -0500] "GET /rest/Sucursal/ListarSucursalCajero?idRuta=1 HTTP/1.1" 200 242
0:0:0:0:0:0:0:1 - - [10/Oct/2018:11:14:20 -0500] "GET /rapidcargo/cargarSucursales?idRuta=1 HTTP/1.1" 200 94
127.0.0.1 - - [10/Oct/2018:11:14:27 -0500] "GET /rest/Cliente/ValidarDNI?dni=3 HTTP/1.1" 200 15
0:0:0:0:0:0:0:1 - - [10/Oct/2018:11:14:27 -0500] "GET /rapidcargo/validarDNI?dni=3 HTTP/1.1" 200 55
127.0.0.1 - - [10/Oct/2018:11:14:27 -0500] "GET /rest/Cliente/ValidarDNI?dni=30 HTTP/1.1" 200 15
0:0:0:0:0:0:0:1 - - [10/Oct/2018:11:14:27 -0500] "GET /rapidcargo/validarDNI?dni=30 HTTP/1.1" 200 55
127.0.0.1 - - [10/Oct/2018:11:14:27 -0500] "GET /rest/Cliente/ValidarDNI?dni=300 HTTP/1.1" 200 15
0:0:0:0:0:0:0:1 - - [10/Oct/2018:11:14:27 -0500] "GET /rapidcargo/validarDNI?dni=300 HTTP/1.1" 200 55
127.0.0.1 - - [10/Oct/2018:11:14:27 -0500] "GET /rest/Cliente/ValidarDNI?dni=3000 HTTP/1.1" 200 15
0:0:0:0:0:0:0:1 - - [10/Oct/2018:11:14:27 -0500] "GET /rapidcargo/validarDNI?dni=3000 HTTP/1.1" 200 55
127.0.0.1 - - [10/Oct/2018:11:14:29 -0500] "GET /rest/Cliente/ValidarDNI?dni=30000 HTTP/1.1" 200 15
0:0:0:0:0:0:0:1 - - [10/Oct/2018:11:14:29 -0500] "GET /rapidcargo/validarDNI?dni=30000 HTTP/1.1" 200 55
127.0.0.1 - - [10/Oct/2018:11:14:29 -0500] "GET /rest/Cliente/ValidarDNI?dni=300000 HTTP/1.1" 200 15
0:0:0:0:0:0:0:1 - - [10/Oct/2018:11:14:29 -0500] "GET /rapidcargo/validarDNI?dni=300000 HTTP/1.1" 200 55
127.0.0.1 - - [10/Oct/2018:11:14:29 -0500] "GET /rest/Cliente/ValidarDNI?dni=3000000 HTTP/1.1" 200 15
0:0:0:0:0:0:0:1 - - [10/Oct/2018:11:14:29 -0500] "GET /rapidcargo/validarDNI?dni=3000000 HTTP/1.1" 200 55
127.0.0.1 - - [10/Oct/2018:11:14:29 -0500] "GET /rest/Cliente/ValidarDNI?dni=30000001 HTTP/1.1" 200 14
0:0:0:0:0:0:0:1 - - [10/Oct/2018:11:14:29 -0500] "GET /rapidcargo/validarDNI?dni=30000001 HTTP/1.1" 200 53
127.0.0.1 - - [10/Oct/2018:11:14:30 -0500] "GET /rest/Cliente/DevolverCliente?dni=30000001 HTTP/1.1" 200 213
0:0:0:0:0:0:0:1 - - [10/Oct/2018:11:14:30 -0500] "GET /rapidcargo/listarCliente?dni=30000001 HTTP/1.1" 200 515
127.0.0.1 - - [10/Oct/2018:11:20:49 -0500] "GET / HTTP/1.1" 404 1002
0:0:0:0:0:0:0:1 - - [10/Oct/2018:11:20:50 -0500] "GET /rapidcargo/ HTTP/1.1" 200 12681
0:0:0:0:0:0:0:1 - - [10/Oct/2018:11:20:50 -0500] "GET /rapidcargo/ HTTP/1.1" 200 12681
0:0:0:0:0:0:0:1 - - [10/Oct/2018:11:20:52 -0500] "GET /rapidcargo/login HTTP/1.1" 200 3679
127.0.0.1 - - [10/Oct/2018:11:20:57 -0500] "GET /rest/Usuario/VerificarAcceso?nombreUsuario=rawi&contrasena=5678 HTTP/1.1" 200 404
0:0:0:0:0:0:0:1 - - [10/Oct/2018:11:20:57 -0500] "POST /rapidcargo/VerificarAcceso HTTP/1.1" 302 -
0:0:0:0:0:0:0:1 - - [10/Oct/2018:11:20:57 -0500] "GET /rapidcargo/principalCajero HTTP/1.1" 200 5629
127.0.0.1 - - [10/Oct/2018:11:20:59 -0500] "GET /rest/Ruta/ListarRutasCajero?idCiudad=1 HTTP/1.1" 200 136
0:0:0:0:0:0:0:1 - - [10/Oct/2018:11:20:59 -0500] "GET /rapidcargo/NuevaEncomienda HTTP/1.1" 200 13125
127.0.0.1 - - [10/Oct/2018:11:21:02 -0500] "GET /rest/Encomienda/validarPeso?peso=1.0 HTTP/1.1" 500 4029
0:0:0:0:0:0:0:1 - - [10/Oct/2018:11:21:02 -0500] "GET /rapidcargo/calcularMonto?peso=1 HTTP/1.1" 500 4259
127.0.0.1 - - [10/Oct/2018:11:21:02 -0500] "GET /rest/Encomienda/validarPeso?peso=14.0 HTTP/1.1" 500 4029
0:0:0:0:0:0:0:1 - - [10/Oct/2018:11:21:02 -0500] "GET /rapidcargo/calcularMonto?peso=14 HTTP/1.1" 500 4259
127.0.0.1 - - [10/Oct/2018:11:21:06 -0500] "GET /rest/Encomienda/validarPeso?peso=1.0 HTTP/1.1" 500 4029
0:0:0:0:0:0:0:1 - - [10/Oct/2018:11:21:06 -0500] "GET /rapidcargo/calcularMonto?peso=1 HTTP/1.1" 500 4259
127.0.0.1 - - [10/Oct/2018:11:21:07 -0500] "GET /rest/Encomienda/validarPeso?peso=18.0 HTTP/1.1" 500 4029
0:0:0:0:0:0:0:1 - - [10/Oct/2018:11:21:07 -0500] "GET /rapidcargo/calcularMonto?peso=18 HTTP/1.1" 500 4259
127.0.0.1 - - [10/Oct/2018:11:21:08 -0500] "GET /rest/Encomienda/validarPeso?peso=18.01 HTTP/1.1" 500 4029
0:0:0:0:0:0:0:1 - - [10/Oct/2018:11:21:08 -0500] "GET /rapidcargo/calcularMonto?peso=18.01 HTTP/1.1" 500 4259
127.0.0.1 - - [10/Oct/2018:11:21:08 -0500] "GET /rest/Encomienda/validarPeso?peso=18.02 HTTP/1.1" 500 4029
0:0:0:0:0:0:0:1 - - [10/Oct/2018:11:21:08 -0500] "GET /rapidcargo/calcularMonto?peso=18.02 HTTP/1.1" 500 4259
127.0.0.1 - - [10/Oct/2018:11:21:08 -0500] "GET /rest/Encomienda/validarPeso?peso=18.03 HTTP/1.1" 500 4029
0:0:0:0:0:0:0:1 - - [10/Oct/2018:11:21:09 -0500] "GET /rapidcargo/calcularMonto?peso=18.03 HTTP/1.1" 500 4259
127.0.0.1 - - [10/Oct/2018:11:21:09 -0500] "GET /rest/Encomienda/validarPeso?peso=18.04 HTTP/1.1" 500 4029
0:0:0:0:0:0:0:1 - - [10/Oct/2018:11:21:09 -0500] "GET /rapidcargo/calcularMonto?peso=18.04 HTTP/1.1" 500 4259
127.0.0.1 - - [10/Oct/2018:11:21:09 -0500] "GET /rest/Encomienda/validarPeso?peso=18.05 HTTP/1.1" 500 4029
0:0:0:0:0:0:0:1 - - [10/Oct/2018:11:21:09 -0500] "GET /rapidcargo/calcularMonto?peso=18.05 HTTP/1.1" 500 4259
127.0.0.1 - - [10/Oct/2018:11:21:09 -0500] "GET /rest/Encomienda/validarPeso?peso=18.06 HTTP/1.1" 500 4029
0:0:0:0:0:0:0:1 - - [10/Oct/2018:11:21:09 -0500] "GET /rapidcargo/calcularMonto?peso=18.06 HTTP/1.1" 500 4259
127.0.0.1 - - [10/Oct/2018:11:21:09 -0500] "GET /rest/Encomienda/validarPeso?peso=18.05 HTTP/1.1" 500 4029
0:0:0:0:0:0:0:1 - - [10/Oct/2018:11:21:09 -0500] "GET /rapidcargo/calcularMonto?peso=18.05 HTTP/1.1" 500 4259
127.0.0.1 - - [10/Oct/2018:11:21:09 -0500] "GET /rest/Encomienda/validarPeso?peso=18.04 HTTP/1.1" 500 4029
0:0:0:0:0:0:0:1 - - [10/Oct/2018:11:21:09 -0500] "GET /rapidcargo/calcularMonto?peso=18.04 HTTP/1.1" 500 4259
127.0.0.1 - - [10/Oct/2018:11:21:10 -0500] "GET /rest/Encomienda/validarPeso?peso=18.03 HTTP/1.1" 500 4029
0:0:0:0:0:0:0:1 - - [10/Oct/2018:11:21:10 -0500] "GET /rapidcargo/calcularMonto?peso=18.03 HTTP/1.1" 500 4259
127.0.0.1 - - [10/Oct/2018:11:21:13 -0500] "GET /rest/Cliente/ValidarDNI?dni=3 HTTP/1.1" 200 15
0:0:0:0:0:0:0:1 - - [10/Oct/2018:11:21:13 -0500] "GET /rapidcargo/validarDNI?dni=3 HTTP/1.1" 200 55
127.0.0.1 - - [10/Oct/2018:11:21:13 -0500] "GET /rest/Cliente/ValidarDNI?dni=30 HTTP/1.1" 200 15
0:0:0:0:0:0:0:1 - - [10/Oct/2018:11:21:13 -0500] "GET /rapidcargo/validarDNI?dni=30 HTTP/1.1" 200 55
127.0.0.1 - - [10/Oct/2018:11:21:13 -0500] "GET /rest/Cliente/ValidarDNI?dni=300 HTTP/1.1" 200 15
0:0:0:0:0:0:0:1 - - [10/Oct/2018:11:21:13 -0500] "GET /rapidcargo/validarDNI?dni=300 HTTP/1.1" 200 55
127.0.0.1 - - [10/Oct/2018:11:21:13 -0500] "GET /rest/Cliente/ValidarDNI?dni=3000 HTTP/1.1" 200 15
0:0:0:0:0:0:0:1 - - [10/Oct/2018:11:21:13 -0500] "GET /rapidcargo/validarDNI?dni=3000 HTTP/1.1" 200 55
127.0.0.1 - - [10/Oct/2018:11:21:14 -0500] "GET /rest/Cliente/ValidarDNI?dni=30000 HTTP/1.1" 200 15
0:0:0:0:0:0:0:1 - - [10/Oct/2018:11:21:14 -0500] "GET /rapidcargo/validarDNI?dni=30000 HTTP/1.1" 200 55
127.0.0.1 - - [10/Oct/2018:11:21:14 -0500] "GET /rest/Cliente/ValidarDNI?dni=300000 HTTP/1.1" 200 15
0:0:0:0:0:0:0:1 - - [10/Oct/2018:11:21:14 -0500] "GET /rapidcargo/validarDNI?dni=300000 HTTP/1.1" 200 55
127.0.0.1 - - [10/Oct/2018:11:21:14 -0500] "GET /rest/Cliente/ValidarDNI?dni=3000000 HTTP/1.1" 200 15
0:0:0:0:0:0:0:1 - - [10/Oct/2018:11:21:14 -0500] "GET /rapidcargo/validarDNI?dni=3000000 HTTP/1.1" 200 55
127.0.0.1 - - [10/Oct/2018:11:21:15 -0500] "GET /rest/Cliente/ValidarDNI?dni=30000001 HTTP/1.1" 200 14
0:0:0:0:0:0:0:1 - - [10/Oct/2018:11:21:15 -0500] "GET /rapidcargo/validarDNI?dni=30000001 HTTP/1.1" 200 53
127.0.0.1 - - [10/Oct/2018:11:21:17 -0500] "GET /rest/Cliente/DevolverCliente?dni=30000001 HTTP/1.1" 200 213
0:0:0:0:0:0:0:1 - - [10/Oct/2018:11:21:17 -0500] "GET /rapidcargo/listarCliente?dni=30000001 HTTP/1.1" 200 515
127.0.0.1 - - [10/Oct/2018:11:21:19 -0500] "GET /rest/Encomienda/validarPeso?peso=18.02 HTTP/1.1" 500 4029
0:0:0:0:0:0:0:1 - - [10/Oct/2018:11:21:19 -0500] "GET /rapidcargo/calcularMonto?peso=18.02 HTTP/1.1" 500 4259
127.0.0.1 - - [10/Oct/2018:11:21:19 -0500] "GET /rest/Encomienda/validarPeso?peso=18.01 HTTP/1.1" 500 4029
0:0:0:0:0:0:0:1 - - [10/Oct/2018:11:21:19 -0500] "GET /rapidcargo/calcularMonto?peso=18.01 HTTP/1.1" 500 4259
127.0.0.1 - - [10/Oct/2018:11:21:19 -0500] "GET /rest/Encomienda/validarPeso?peso=18.0 HTTP/1.1" 500 4029
0:0:0:0:0:0:0:1 - - [10/Oct/2018:11:21:19 -0500] "GET /rapidcargo/calcularMonto?peso=18 HTTP/1.1" 500 4259
127.0.0.1 - - [10/Oct/2018:11:21:19 -0500] "GET /rest/Encomienda/validarPeso?peso=17.99 HTTP/1.1" 500 3951
0:0:0:0:0:0:0:1 - - [10/Oct/2018:11:21:19 -0500] "GET /rapidcargo/calcularMonto?peso=17.99 HTTP/1.1" 500 4181
127.0.0.1 - - [10/Oct/2018:11:24:02 -0500] "GET / HTTP/1.1" 404 1002
0:0:0:0:0:0:0:1 - - [10/Oct/2018:11:24:03 -0500] "GET /rapidcargo/ HTTP/1.1" 200 12681
0:0:0:0:0:0:0:1 - - [10/Oct/2018:11:24:03 -0500] "GET /rapidcargo/ HTTP/1.1" 200 12681
0:0:0:0:0:0:0:1 - - [10/Oct/2018:11:24:06 -0500] "GET /rapidcargo/login HTTP/1.1" 200 3679
127.0.0.1 - - [10/Oct/2018:11:24:10 -0500] "GET /rest/Usuario/VerificarAcceso?nombreUsuario=rawi&contrasena=5678 HTTP/1.1" 200 404
0:0:0:0:0:0:0:1 - - [10/Oct/2018:11:24:10 -0500] "POST /rapidcargo/VerificarAcceso HTTP/1.1" 302 -
0:0:0:0:0:0:0:1 - - [10/Oct/2018:11:24:10 -0500] "GET /rapidcargo/principalCajero HTTP/1.1" 200 5629
127.0.0.1 - - [10/Oct/2018:11:24:13 -0500] "GET /rest/Ruta/ListarRutasCajero?idCiudad=1 HTTP/1.1" 200 136
0:0:0:0:0:0:0:1 - - [10/Oct/2018:11:24:13 -0500] "GET /rapidcargo/NuevaEncomienda HTTP/1.1" 200 13125
127.0.0.1 - - [10/Oct/2018:11:24:17 -0500] "GET /rest/Encomienda/validarPeso?peso=0.1 HTTP/1.1" 200 14
127.0.0.1 - - [10/Oct/2018:11:24:17 -0500] "GET /rest/Encomienda/calcularMonto?peso=0.1 HTTP/1.1" 200 13
0:0:0:0:0:0:0:1 - - [10/Oct/2018:11:24:17 -0500] "GET /rapidcargo/calcularMonto?peso=0.1 HTTP/1.1" 200 13
127.0.0.1 - - [10/Oct/2018:11:24:17 -0500] "GET /rest/Encomienda/validarPeso?peso=0.11 HTTP/1.1" 200 14
127.0.0.1 - - [10/Oct/2018:11:24:17 -0500] "GET /rest/Encomienda/calcularMonto?peso=0.11 HTTP/1.1" 200 20
0:0:0:0:0:0:0:1 - - [10/Oct/2018:11:24:17 -0500] "GET /rapidcargo/calcularMonto?peso=0.11 HTTP/1.1" 200 20
127.0.0.1 - - [10/Oct/2018:11:24:17 -0500] "GET /rest/Encomienda/validarPeso?peso=0.12 HTTP/1.1" 200 14
127.0.0.1 - - [10/Oct/2018:11:24:17 -0500] "GET /rest/Encomienda/calcularMonto?peso=0.12 HTTP/1.1" 200 20
0:0:0:0:0:0:0:1 - - [10/Oct/2018:11:24:17 -0500] "GET /rapidcargo/calcularMonto?peso=0.12 HTTP/1.1" 200 20
127.0.0.1 - - [10/Oct/2018:11:24:18 -0500] "GET /rest/Encomienda/validarPeso?peso=0.13 HTTP/1.1" 200 14
127.0.0.1 - - [10/Oct/2018:11:24:18 -0500] "GET /rest/Encomienda/calcularMonto?peso=0.13 HTTP/1.1" 200 14
0:0:0:0:0:0:0:1 - - [10/Oct/2018:11:24:18 -0500] "GET /rapidcargo/calcularMonto?peso=0.13 HTTP/1.1" 200 14
127.0.0.1 - - [10/Oct/2018:11:24:18 -0500] "GET /rest/Encomienda/validarPeso?peso=0.14 HTTP/1.1" 200 14
127.0.0.1 - - [10/Oct/2018:11:24:18 -0500] "GET /rest/Encomienda/calcularMonto?peso=0.14 HTTP/1.1" 200 20
0:0:0:0:0:0:0:1 - - [10/Oct/2018:11:24:18 -0500] "GET /rapidcargo/calcularMonto?peso=0.14 HTTP/1.1" 200 20
127.0.0.1 - - [10/Oct/2018:11:24:18 -0500] "GET /rest/Encomienda/validarPeso?peso=0.15 HTTP/1.1" 200 14
127.0.0.1 - - [10/Oct/2018:11:24:18 -0500] "GET /rest/Encomienda/calcularMonto?peso=0.15 HTTP/1.1" 200 20
0:0:0:0:0:0:0:1 - - [10/Oct/2018:11:24:18 -0500] "GET /rapidcargo/calcularMonto?peso=0.15 HTTP/1.1" 200 20
127.0.0.1 - - [10/Oct/2018:11:24:18 -0500] "GET /rest/Encomienda/validarPeso?peso=0.16 HTTP/1.1" 200 14
127.0.0.1 - - [10/Oct/2018:11:24:18 -0500] "GET /rest/Encomienda/calcularMonto?peso=0.16 HTTP/1.1" 200 14
0:0:0:0:0:0:0:1 - - [10/Oct/2018:11:24:18 -0500] "GET /rapidcargo/calcularMonto?peso=0.16 HTTP/1.1" 200 14
127.0.0.1 - - [10/Oct/2018:11:24:19 -0500] "GET /rest/Encomienda/validarPeso?peso=2.0 HTTP/1.1" 200 9
127.0.0.1 - - [10/Oct/2018:11:24:19 -0500] "GET /rest/Encomienda/calcularMonto?peso=2.0 HTTP/1.1" 200 13
0:0:0:0:0:0:0:1 - - [10/Oct/2018:11:24:19 -0500] "GET /rapidcargo/calcularMonto?peso=2 HTTP/1.1" 200 13
127.0.0.1 - - [10/Oct/2018:11:24:20 -0500] "GET /rest/Encomienda/validarPeso?peso=20.0 HTTP/1.1" 200 14
127.0.0.1 - - [10/Oct/2018:11:24:20 -0500] "GET /rest/Encomienda/calcularMonto?peso=20.0 HTTP/1.1" 200 15
0:0:0:0:0:0:0:1 - - [10/Oct/2018:11:24:20 -0500] "GET /rapidcargo/calcularMonto?peso=20 HTTP/1.1" 200 15
127.0.0.1 - - [10/Oct/2018:11:24:21 -0500] "GET /rest/Encomienda/validarPeso?peso=2.0 HTTP/1.1" 200 14
127.0.0.1 - - [10/Oct/2018:11:24:21 -0500] "GET /rest/Encomienda/calcularMonto?peso=2.0 HTTP/1.1" 200 13
0:0:0:0:0:0:0:1 - - [10/Oct/2018:11:24:21 -0500] "GET /rapidcargo/calcularMonto?peso=2 HTTP/1.1" 200 13
0:0:0:0:0:0:0:1 - - [10/Oct/2018:11:24:22 -0500] "GET /rapidcargo/calcularMonto?peso=21 HTTP/1.1" 200 13
127.0.0.1 - - [10/Oct/2018:11:24:22 -0500] "GET /rest/Encomienda/validarPeso?peso=21.0 HTTP/1.1" 200 15
127.0.0.1 - - [10/Oct/2018:11:24:23 -0500] "GET /rest/Encomienda/validarPeso?peso=2.0 HTTP/1.1" 200 14
127.0.0.1 - - [10/Oct/2018:11:24:23 -0500] "GET /rest/Encomienda/calcularMonto?peso=2.0 HTTP/1.1" 200 13
0:0:0:0:0:0:0:1 - - [10/Oct/2018:11:24:23 -0500] "GET /rapidcargo/calcularMonto?peso=2 HTTP/1.1" 200 13
127.0.0.1 - - [10/Oct/2018:11:24:23 -0500] "GET /rest/Encomienda/validarPeso?peso=23.0 HTTP/1.1" 200 15
0:0:0:0:0:0:0:1 - - [10/Oct/2018:11:24:23 -0500] "GET /rapidcargo/calcularMonto?peso=23 HTTP/1.1" 200 13
127.0.0.1 - - [10/Oct/2018:11:28:51 -0500] "GET / HTTP/1.1" 404 1002
0:0:0:0:0:0:0:1 - - [10/Oct/2018:11:28:51 -0500] "GET /rapidcargo/ HTTP/1.1" 200 12681
0:0:0:0:0:0:0:1 - - [10/Oct/2018:11:28:52 -0500] "GET /rapidcargo/ HTTP/1.1" 200 12681
0:0:0:0:0:0:0:1 - - [10/Oct/2018:11:28:55 -0500] "GET /rapidcargo/login HTTP/1.1" 200 3679
127.0.0.1 - - [10/Oct/2018:11:29:00 -0500] "GET /rest/Usuario/VerificarAcceso?nombreUsuario=rawi&contrasena=5678 HTTP/1.1" 200 404
0:0:0:0:0:0:0:1 - - [10/Oct/2018:11:29:00 -0500] "POST /rapidcargo/VerificarAcceso HTTP/1.1" 302 -
0:0:0:0:0:0:0:1 - - [10/Oct/2018:11:29:00 -0500] "GET /rapidcargo/principalCajero HTTP/1.1" 200 5629
127.0.0.1 - - [10/Oct/2018:11:29:02 -0500] "GET /rest/Ruta/ListarRutasCajero?idCiudad=1 HTTP/1.1" 200 136
0:0:0:0:0:0:0:1 - - [10/Oct/2018:11:29:02 -0500] "GET /rapidcargo/NuevaEncomienda HTTP/1.1" 200 13125
127.0.0.1 - - [10/Oct/2018:11:29:23 -0500] "GET /rest/Encomienda/validarPeso?peso=0.1 HTTP/1.1" 200 14
127.0.0.1 - - [10/Oct/2018:11:29:23 -0500] "GET /rest/Encomienda/calcularMonto?peso=0.1 HTTP/1.1" 200 13
0:0:0:0:0:0:0:1 - - [10/Oct/2018:11:29:23 -0500] "GET /rapidcargo/calcularMonto?peso=0.1 HTTP/1.1" 200 13
127.0.0.1 - - [10/Oct/2018:11:29:23 -0500] "GET /rest/Encomienda/validarPeso?peso=0.11 HTTP/1.1" 200 14
127.0.0.1 - - [10/Oct/2018:11:29:23 -0500] "GET /rest/Encomienda/calcularMonto?peso=0.11 HTTP/1.1" 200 20
0:0:0:0:0:0:0:1 - - [10/Oct/2018:11:29:23 -0500] "GET /rapidcargo/calcularMonto?peso=0.11 HTTP/1.1" 200 20
127.0.0.1 - - [10/Oct/2018:11:29:23 -0500] "GET /rest/Encomienda/validarPeso?peso=0.12 HTTP/1.1" 200 14
127.0.0.1 - - [10/Oct/2018:11:29:23 -0500] "GET /rest/Encomienda/calcularMonto?peso=0.12 HTTP/1.1" 200 20
0:0:0:0:0:0:0:1 - - [10/Oct/2018:11:29:23 -0500] "GET /rapidcargo/calcularMonto?peso=0.12 HTTP/1.1" 200 20
127.0.0.1 - - [10/Oct/2018:11:29:23 -0500] "GET /rest/Encomienda/validarPeso?peso=0.13 HTTP/1.1" 200 14
127.0.0.1 - - [10/Oct/2018:11:29:23 -0500] "GET /rest/Encomienda/calcularMonto?peso=0.13 HTTP/1.1" 200 14
0:0:0:0:0:0:0:1 - - [10/Oct/2018:11:29:23 -0500] "GET /rapidcargo/calcularMonto?peso=0.13 HTTP/1.1" 200 14
127.0.0.1 - - [10/Oct/2018:11:29:23 -0500] "GET /rest/Encomienda/validarPeso?peso=0.14 HTTP/1.1" 200 14
127.0.0.1 - - [10/Oct/2018:11:29:23 -0500] "GET /rest/Encomienda/calcularMonto?peso=0.14 HTTP/1.1" 200 20
0:0:0:0:0:0:0:1 - - [10/Oct/2018:11:29:23 -0500] "GET /rapidcargo/calcularMonto?peso=0.14 HTTP/1.1" 200 20
127.0.0.1 - - [10/Oct/2018:11:29:23 -0500] "GET /rest/Encomienda/validarPeso?peso=0.15 HTTP/1.1" 200 9
0:0:0:0:0:0:0:1 - - [10/Oct/2018:11:29:23 -0500] "GET /rapidcargo/calcularMonto?peso=0.15 HTTP/1.1" 200 20
127.0.0.1 - - [10/Oct/2018:11:29:23 -0500] "GET /rest/Encomienda/calcularMonto?peso=0.15 HTTP/1.1" 200 20
127.0.0.1 - - [10/Oct/2018:11:29:25 -0500] "GET /rest/Encomienda/validarPeso?peso=2.0 HTTP/1.1" 200 9
127.0.0.1 - - [10/Oct/2018:11:29:25 -0500] "GET /rest/Encomienda/calcularMonto?peso=2.0 HTTP/1.1" 200 13
0:0:0:0:0:0:0:1 - - [10/Oct/2018:11:29:25 -0500] "GET /rapidcargo/calcularMonto?peso=2 HTTP/1.1" 200 13
127.0.0.1 - - [10/Oct/2018:11:29:25 -0500] "GET /rest/Encomienda/validarPeso?peso=21.0 HTTP/1.1" 200 15
0:0:0:0:0:0:0:1 - - [10/Oct/2018:11:29:25 -0500] "GET /rapidcargo/calcularMonto?peso=21 HTTP/1.1" 200 13
0:0:0:0:0:0:0:1 - - [10/Oct/2018:11:29:27 -0500] "GET /rapidcargo/calcularMonto?peso= HTTP/1.1" 400 1031
127.0.0.1 - - [10/Oct/2018:11:29:27 -0500] "GET /rest/Encomienda/validarPeso?peso=-4.0 HTTP/1.1" 200 14
127.0.0.1 - - [10/Oct/2018:11:29:27 -0500] "GET /rest/Encomienda/calcularMonto?peso=-4.0 HTTP/1.1" 200 15
0:0:0:0:0:0:0:1 - - [10/Oct/2018:11:29:27 -0500] "GET /rapidcargo/calcularMonto?peso=-4 HTTP/1.1" 200 15
0:0:0:0:0:0:0:1 - - [10/Oct/2018:11:29:32 -0500] "GET /rapidcargo/calcularMonto?peso= HTTP/1.1" 400 1031
127.0.0.1 - - [10/Oct/2018:11:29:32 -0500] "GET /rest/Encomienda/validarPeso?peso=-1.0 HTTP/1.1" 200 9
127.0.0.1 - - [10/Oct/2018:11:29:32 -0500] "GET /rest/Encomienda/calcularMonto?peso=-1.0 HTTP/1.1" 200 14
0:0:0:0:0:0:0:1 - - [10/Oct/2018:11:29:32 -0500] "GET /rapidcargo/calcularMonto?peso=-1 HTTP/1.1" 200 14
127.0.0.1 - - [10/Oct/2018:11:29:32 -0500] "GET /rest/Encomienda/validarPeso?peso=-13.0 HTTP/1.1" 200 14
127.0.0.1 - - [10/Oct/2018:11:29:32 -0500] "GET /rest/Encomienda/calcularMonto?peso=-13.0 HTTP/1.1" 200 15
0:0:0:0:0:0:0:1 - - [10/Oct/2018:11:29:32 -0500] "GET /rapidcargo/calcularMonto?peso=-13 HTTP/1.1" 200 15
0:0:0:0:0:0:0:1 - - [10/Oct/2018:11:29:35 -0500] "GET /rapidcargo/calcularMonto?peso= HTTP/1.1" 400 1031
127.0.0.1 - - [10/Oct/2018:11:29:35 -0500] "GET /rest/Encomienda/validarPeso?peso=2.0 HTTP/1.1" 200 14
127.0.0.1 - - [10/Oct/2018:11:29:36 -0500] "GET /rest/Encomienda/calcularMonto?peso=2.0 HTTP/1.1" 200 13
0:0:0:0:0:0:0:1 - - [10/Oct/2018:11:29:36 -0500] "GET /rapidcargo/calcularMonto?peso=2 HTTP/1.1" 200 13
127.0.0.1 - - [10/Oct/2018:11:29:36 -0500] "GET /rest/Encomienda/validarPeso?peso=23.0 HTTP/1.1" 200 15
0:0:0:0:0:0:0:1 - - [10/Oct/2018:11:29:36 -0500] "GET /rapidcargo/calcularMonto?peso=23 HTTP/1.1" 200 13
127.0.0.1 - - [10/Oct/2018:11:29:36 -0500] "GET /rest/Encomienda/validarPeso?peso=232.0 HTTP/1.1" 200 15
0:0:0:0:0:0:0:1 - - [10/Oct/2018:11:29:36 -0500] "GET /rapidcargo/calcularMonto?peso=232 HTTP/1.1" 200 13
127.0.0.1 - - [10/Oct/2018:11:29:36 -0500] "GET /rest/Encomienda/validarPeso?peso=2324.0 HTTP/1.1" 200 15
0:0:0:0:0:0:0:1 - - [10/Oct/2018:11:29:36 -0500] "GET /rapidcargo/calcularMonto?peso=2324 HTTP/1.1" 200 13
127.0.0.1 - - [10/Oct/2018:11:29:36 -0500] "GET /rest/Encomienda/validarPeso?peso=23243.0 HTTP/1.1" 200 15
0:0:0:0:0:0:0:1 - - [10/Oct/2018:11:29:36 -0500] "GET /rapidcargo/calcularMonto?peso=23243 HTTP/1.1" 200 13
127.0.0.1 - - [10/Oct/2018:11:29:36 -0500] "GET /rest/Encomienda/validarPeso?peso=232434.0 HTTP/1.1" 200 15
0:0:0:0:0:0:0:1 - - [10/Oct/2018:11:29:36 -0500] "GET /rapidcargo/calcularMonto?peso=232434 HTTP/1.1" 200 13
127.0.0.1 - - [10/Oct/2018:11:29:37 -0500] "GET /rest/Encomienda/validarPeso?peso=2324343.0 HTTP/1.1" 200 15
0:0:0:0:0:0:0:1 - - [10/Oct/2018:11:29:37 -0500] "GET /rapidcargo/calcularMonto?peso=2324343 HTTP/1.1" 200 13
127.0.0.1 - - [10/Oct/2018:11:29:37 -0500] "GET /rest/Encomienda/validarPeso?peso=2.3243434E7 HTTP/1.1" 200 15
0:0:0:0:0:0:0:1 - - [10/Oct/2018:11:29:37 -0500] "GET /rapidcargo/calcularMonto?peso=23243434 HTTP/1.1" 200 13
127.0.0.1 - - [10/Oct/2018:11:29:38 -0500] "GET /rest/Encomienda/validarPeso?peso=232.0 HTTP/1.1" 200 15
0:0:0:0:0:0:0:1 - - [10/Oct/2018:11:29:38 -0500] "GET /rapidcargo/calcularMonto?peso=232 HTTP/1.1" 200 13
127.0.0.1 - - [10/Oct/2018:11:29:40 -0500] "GET /rest/Encomienda/validarPeso?peso=2.0 HTTP/1.1" 200 14
127.0.0.1 - - [10/Oct/2018:11:29:40 -0500] "GET /rest/Encomienda/calcularMonto?peso=2.0 HTTP/1.1" 200 13
0:0:0:0:0:0:0:1 - - [10/Oct/2018:11:29:40 -0500] "GET /rapidcargo/calcularMonto?peso=2 HTTP/1.1" 200 13
127.0.0.1 - - [10/Oct/2018:11:29:40 -0500] "GET /rest/Encomienda/validarPeso?peso=21.0 HTTP/1.1" 200 15
0:0:0:0:0:0:0:1 - - [10/Oct/2018:11:29:40 -0500] "GET /rapidcargo/calcularMonto?peso=21 HTTP/1.1" 200 13
0:0:0:0:0:0:0:1 - - [10/Oct/2018:11:29:43 -0500] "GET /rapidcargo/calcularMonto?peso= HTTP/1.1" 400 1031
127.0.0.1 - - [10/Oct/2018:11:29:44 -0500] "GET /rest/Encomienda/validarPeso?peso=0.0 HTTP/1.1" 200 14
127.0.0.1 - - [10/Oct/2018:11:29:44 -0500] "GET /rest/Encomienda/calcularMonto?peso=0.0 HTTP/1.1" 200 13
0:0:0:0:0:0:0:1 - - [10/Oct/2018:11:29:44 -0500] "GET /rapidcargo/calcularMonto?peso=0 HTTP/1.1" 200 13
0:0:0:0:0:0:0:1 - - [10/Oct/2018:11:30:43 -0500] "GET /rapidcargo/calcularMonto?peso= HTTP/1.1" 400 1031
127.0.0.1 - - [10/Oct/2018:11:30:43 -0500] "GET /rest/Encomienda/validarPeso?peso=-1.0 HTTP/1.1" 200 14
127.0.0.1 - - [10/Oct/2018:11:30:43 -0500] "GET /rest/Encomienda/calcularMonto?peso=-1.0 HTTP/1.1" 200 14
0:0:0:0:0:0:0:1 - - [10/Oct/2018:11:30:43 -0500] "GET /rapidcargo/calcularMonto?peso=-1 HTTP/1.1" 200 14
127.0.0.1 - - [10/Oct/2018:11:30:43 -0500] "GET /rest/Encomienda/validarPeso?peso=-10.0 HTTP/1.1" 200 14
127.0.0.1 - - [10/Oct/2018:11:30:43 -0500] "GET /rest/Encomienda/calcularMonto?peso=-10.0 HTTP/1.1" 200 15
0:0:0:0:0:0:0:1 - - [10/Oct/2018:11:30:43 -0500] "GET /rapidcargo/calcularMonto?peso=-10 HTTP/1.1" 200 15
127.0.0.1 - - [10/Oct/2018:11:30:47 -0500] "GET /rest/Cliente/ValidarDNI?dni=3 HTTP/1.1" 200 15
0:0:0:0:0:0:0:1 - - [10/Oct/2018:11:30:47 -0500] "GET /rapidcargo/validarDNI?dni=3 HTTP/1.1" 200 55
127.0.0.1 - - [10/Oct/2018:11:30:48 -0500] "GET /rest/Cliente/ValidarDNI?dni=30 HTTP/1.1" 200 15
0:0:0:0:0:0:0:1 - - [10/Oct/2018:11:30:48 -0500] "GET /rapidcargo/validarDNI?dni=30 HTTP/1.1" 200 55
127.0.0.1 - - [10/Oct/2018:11:30:48 -0500] "GET /rest/Cliente/ValidarDNI?dni=300 HTTP/1.1" 200 15
0:0:0:0:0:0:0:1 - - [10/Oct/2018:11:30:48 -0500] "GET /rapidcargo/validarDNI?dni=300 HTTP/1.1" 200 55
127.0.0.1 - - [10/Oct/2018:11:30:48 -0500] "GET /rest/Cliente/ValidarDNI?dni=3000 HTTP/1.1" 200 15
0:0:0:0:0:0:0:1 - - [10/Oct/2018:11:30:48 -0500] "GET /rapidcargo/validarDNI?dni=3000 HTTP/1.1" 200 55
127.0.0.1 - - [10/Oct/2018:11:30:48 -0500] "GET /rest/Cliente/ValidarDNI?dni=30000 HTTP/1.1" 200 15
0:0:0:0:0:0:0:1 - - [10/Oct/2018:11:30:48 -0500] "GET /rapidcargo/validarDNI?dni=30000 HTTP/1.1" 200 55
127.0.0.1 - - [10/Oct/2018:11:30:49 -0500] "GET /rest/Cliente/ValidarDNI?dni=300000 HTTP/1.1" 200 15
0:0:0:0:0:0:0:1 - - [10/Oct/2018:11:30:49 -0500] "GET /rapidcargo/validarDNI?dni=300000 HTTP/1.1" 200 55
