127.0.0.1 - - [10/Oct/2018:11:30:49 -0500] "GET /rest/Cliente/ValidarDNI?dni=3000000 HTTP/1.1" 200 15
0:0:0:0:0:0:0:1 - - [10/Oct/2018:11:30:49 -0500] "GET /rapidcargo/validarDNI?dni=3000000 HTTP/1.1" 200 55
127.0.0.1 - - [10/Oct/2018:11:30:50 -0500] "GET /rest/Cliente/ValidarDNI?dni=30000001 HTTP/1.1" 200 14
0:0:0:0:0:0:0:1 - - [10/Oct/2018:11:30:50 -0500] "GET /rapidcargo/validarDNI?dni=30000001 HTTP/1.1" 200 53
127.0.0.1 - - [10/Oct/2018:11:30:51 -0500] "GET /rest/Cliente/DevolverCliente?dni=30000001 HTTP/1.1" 200 213
0:0:0:0:0:0:0:1 - - [10/Oct/2018:11:30:51 -0500] "GET /rapidcargo/listarCliente?dni=30000001 HTTP/1.1" 200 515
127.0.0.1 - - [10/Oct/2018:11:30:53 -0500] "GET /rest/Sucursal/ListarSucursalCajero?idRuta=1 HTTP/1.1" 200 242
0:0:0:0:0:0:0:1 - - [10/Oct/2018:11:30:53 -0500] "GET /rapidcargo/cargarSucursales?idRuta=1 HTTP/1.1" 200 94
127.0.0.1 - - [10/Oct/2018:11:30:54 -0500] "GET /rest/Sucursal/ListarSucursalCajero?idRuta=1 HTTP/1.1" 200 242
0:0:0:0:0:0:0:1 - - [10/Oct/2018:11:30:54 -0500] "GET /rapidcargo/cargarSucursales?idRuta=1 HTTP/1.1" 200 94
127.0.0.1 - - [10/Oct/2018:11:34:16 -0500] "GET / HTTP/1.1" 404 1002
0:0:0:0:0:0:0:1 - - [10/Oct/2018:11:34:16 -0500] "GET /rapidcargo/ HTTP/1.1" 200 12681
0:0:0:0:0:0:0:1 - - [10/Oct/2018:11:34:17 -0500] "GET /rapidcargo/ HTTP/1.1" 200 12681
0:0:0:0:0:0:0:1 - - [10/Oct/2018:11:34:19 -0500] "GET /rapidcargo/login HTTP/1.1" 200 3679
127.0.0.1 - - [10/Oct/2018:11:34:24 -0500] "GET /rest/Usuario/VerificarAcceso?nombreUsuario=rawi&contrasena=5678 HTTP/1.1" 200 404
0:0:0:0:0:0:0:1 - - [10/Oct/2018:11:34:24 -0500] "POST /rapidcargo/VerificarAcceso HTTP/1.1" 302 -
0:0:0:0:0:0:0:1 - - [10/Oct/2018:11:34:24 -0500] "GET /rapidcargo/principalCajero HTTP/1.1" 200 5629
127.0.0.1 - - [10/Oct/2018:11:34:27 -0500] "GET /rest/Ruta/ListarRutasCajero?idCiudad=1 HTTP/1.1" 200 136
0:0:0:0:0:0:0:1 - - [10/Oct/2018:11:34:27 -0500] "GET /rapidcargo/NuevaEncomienda HTTP/1.1" 200 13125
127.0.0.1 - - [10/Oct/2018:11:34:30 -0500] "GET /rest/Cliente/ValidarDNI?dni=2 HTTP/1.1" 200 15
0:0:0:0:0:0:0:1 - - [10/Oct/2018:11:34:30 -0500] "GET /rapidcargo/validarDNI?dni=2 HTTP/1.1" 200 55
127.0.0.1 - - [10/Oct/2018:11:34:30 -0500] "GET /rest/Cliente/ValidarDNI?dni HTTP/1.1" 200 15
0:0:0:0:0:0:0:1 - - [10/Oct/2018:11:34:30 -0500] "GET /rapidcargo/validarDNI?dni= HTTP/1.1" 200 55
127.0.0.1 - - [10/Oct/2018:11:34:31 -0500] "GET /rest/Cliente/ValidarDNI?dni=3 HTTP/1.1" 200 15
0:0:0:0:0:0:0:1 - - [10/Oct/2018:11:34:31 -0500] "GET /rapidcargo/validarDNI?dni=3 HTTP/1.1" 200 55
127.0.0.1 - - [10/Oct/2018:11:34:32 -0500] "GET /rest/Cliente/ValidarDNI?dni=30 HTTP/1.1" 200 15
0:0:0:0:0:0:0:1 - - [10/Oct/2018:11:34:32 -0500] "GET /rapidcargo/validarDNI?dni=30 HTTP/1.1" 200 55
127.0.0.1 - - [10/Oct/2018:11:34:32 -0500] "GET /rest/Cliente/ValidarDNI?dni=300 HTTP/1.1" 200 15
0:0:0:0:0:0:0:1 - - [10/Oct/2018:11:34:32 -0500] "GET /rapidcargo/validarDNI?dni=300 HTTP/1.1" 200 55
127.0.0.1 - - [10/Oct/2018:11:34:32 -0500] "GET /rest/Cliente/ValidarDNI?dni=3000 HTTP/1.1" 200 15
0:0:0:0:0:0:0:1 - - [10/Oct/2018:11:34:32 -0500] "GET /rapidcargo/validarDNI?dni=3000 HTTP/1.1" 200 55
127.0.0.1 - - [10/Oct/2018:11:34:32 -0500] "GET /rest/Cliente/ValidarDNI?dni=30000 HTTP/1.1" 200 15
0:0:0:0:0:0:0:1 - - [10/Oct/2018:11:34:32 -0500] "GET /rapidcargo/validarDNI?dni=30000 HTTP/1.1" 200 55
127.0.0.1 - - [10/Oct/2018:11:34:33 -0500] "GET /rest/Cliente/ValidarDNI?dni=300000 HTTP/1.1" 200 15
0:0:0:0:0:0:0:1 - - [10/Oct/2018:11:34:33 -0500] "GET /rapidcargo/validarDNI?dni=300000 HTTP/1.1" 200 55
127.0.0.1 - - [10/Oct/2018:11:34:33 -0500] "GET /rest/Cliente/ValidarDNI?dni=3000000 HTTP/1.1" 200 15
0:0:0:0:0:0:0:1 - - [10/Oct/2018:11:34:33 -0500] "GET /rapidcargo/validarDNI?dni=3000000 HTTP/1.1" 200 55
127.0.0.1 - - [10/Oct/2018:11:34:34 -0500] "GET /rest/Cliente/ValidarDNI?dni=30000000 HTTP/1.1" 200 15
0:0:0:0:0:0:0:1 - - [10/Oct/2018:11:34:34 -0500] "GET /rapidcargo/validarDNI?dni=30000000 HTTP/1.1" 200 55
127.0.0.1 - - [10/Oct/2018:11:34:34 -0500] "GET /rest/Cliente/ValidarDNI?dni=3000000 HTTP/1.1" 200 15
0:0:0:0:0:0:0:1 - - [10/Oct/2018:11:34:34 -0500] "GET /rapidcargo/validarDNI?dni=3000000 HTTP/1.1" 200 55
0:0:0:0:0:0:0:1 - - [10/Oct/2018:11:34:34 -0500] "GET /rapidcargo/validarDNI?dni=30000001 HTTP/1.1" 200 53
127.0.0.1 - - [10/Oct/2018:11:34:34 -0500] "GET /rest/Cliente/ValidarDNI?dni=30000001 HTTP/1.1" 200 14
127.0.0.1 - - [10/Oct/2018:11:34:36 -0500] "GET /rest/Cliente/DevolverCliente?dni=30000001 HTTP/1.1" 200 213
0:0:0:0:0:0:0:1 - - [10/Oct/2018:11:34:36 -0500] "GET /rapidcargo/listarCliente?dni=30000001 HTTP/1.1" 200 515
127.0.0.1 - - [10/Oct/2018:11:34:36 -0500] "GET /rest/Sucursal/ListarSucursalCajero?idRuta=1 HTTP/1.1" 200 242
0:0:0:0:0:0:0:1 - - [10/Oct/2018:11:34:36 -0500] "GET /rapidcargo/cargarSucursales?idRuta=1 HTTP/1.1" 200 94
127.0.0.1 - - [10/Oct/2018:11:34:49 -0500] "GET /rest/Encomienda/validarPeso?peso=2.0 HTTP/1.1" 200 14
127.0.0.1 - - [10/Oct/2018:11:34:49 -0500] "GET /rest/Encomienda/calcularMonto?peso=2.0 HTTP/1.1" 200 13
0:0:0:0:0:0:0:1 - - [10/Oct/2018:11:34:49 -0500] "GET /rapidcargo/calcularMonto?peso=2 HTTP/1.1" 200 13
127.0.0.1 - - [10/Oct/2018:11:34:50 -0500] "GET /rest/Encomienda/validarPeso?peso=21.0 HTTP/1.1" 200 15
0:0:0:0:0:0:0:1 - - [10/Oct/2018:11:34:50 -0500] "GET /rapidcargo/calcularMonto?peso=21 HTTP/1.1" 200 13
127.0.0.1 - - [10/Oct/2018:11:34:51 -0500] "GET /rest/Encomienda/validarPeso?peso=1.0 HTTP/1.1" 200 14
127.0.0.1 - - [10/Oct/2018:11:34:51 -0500] "GET /rest/Encomienda/calcularMonto?peso=1.0 HTTP/1.1" 200 13
0:0:0:0:0:0:0:1 - - [10/Oct/2018:11:34:51 -0500] "GET /rapidcargo/calcularMonto?peso=1 HTTP/1.1" 200 13
127.0.0.1 - - [10/Oct/2018:11:34:51 -0500] "GET /rest/Encomienda/validarPeso?peso=14.0 HTTP/1.1" 200 14
127.0.0.1 - - [10/Oct/2018:11:34:51 -0500] "GET /rest/Encomienda/calcularMonto?peso=14.0 HTTP/1.1" 200 14
0:0:0:0:0:0:0:1 - - [10/Oct/2018:11:34:51 -0500] "GET /rapidcargo/calcularMonto?peso=14 HTTP/1.1" 200 14
127.0.0.1 - - [10/Oct/2018:11:35:00 -0500] "GET /rest/Encomienda/validarPeso?peso=10.0 HTTP/1.1" 200 14
127.0.0.1 - - [10/Oct/2018:11:35:00 -0500] "GET /rest/Encomienda/calcularMonto?peso=10.0 HTTP/1.1" 200 14
0:0:0:0:0:0:0:1 - - [10/Oct/2018:11:35:00 -0500] "GET /rapidcargo/calcularMonto?peso=10 HTTP/1.1" 200 14
127.0.0.1 - - [10/Oct/2018:11:35:02 -0500] "GET /rest/Encomienda/validarPeso?peso=16.0 HTTP/1.1" 200 14
127.0.0.1 - - [10/Oct/2018:11:35:02 -0500] "GET /rest/Encomienda/calcularMonto?peso=16.0 HTTP/1.1" 200 14
0:0:0:0:0:0:0:1 - - [10/Oct/2018:11:35:02 -0500] "GET /rapidcargo/calcularMonto?peso=16 HTTP/1.1" 200 14
127.0.0.1 - - [10/Oct/2018:11:35:09 -0500] "GET /rest/Encomienda/validarPeso?peso=2.0 HTTP/1.1" 200 14
127.0.0.1 - - [10/Oct/2018:11:35:09 -0500] "GET /rest/Encomienda/calcularMonto?peso=2.0 HTTP/1.1" 200 13
0:0:0:0:0:0:0:1 - - [10/Oct/2018:11:35:09 -0500] "GET /rapidcargo/calcularMonto?peso=2 HTTP/1.1" 200 13
127.0.0.1 - - [10/Oct/2018:13:09:35 -0500] "GET / HTTP/1.1" 404 1002
0:0:0:0:0:0:0:1 - - [10/Oct/2018:13:09:36 -0500] "GET /rest/ HTTP/1.1" 200 168
0:0:0:0:0:0:0:1 - - [10/Oct/2018:13:09:49 -0500] "GET /rest/Usuario/VerificarAcceso?nombreUsuario=mavi&contrasena=1234 HTTP/1.1" 200 404
0:0:0:0:0:0:0:1 - - [10/Oct/2018:13:09:51 -0500] "GET /rest/TipoUsuario/ListarTipoUsuario? HTTP/1.1" 200 148
0:0:0:0:0:0:0:1 - - [10/Oct/2018:13:09:51 -0500] "GET /rest/Sucursal/ListarSucursalGerente? HTTP/1.1" 200 480
0:0:0:0:0:0:0:1 - - [10/Oct/2018:13:10:53 -0500] "GET /rest/Personal/CrearPersonal?dniPersonal=70000005&nombresPersonal=Mary&apellidosPersonal=Jane&telefono=57645776&direccionPersonal=Av.%20Flapa%20546&correoCorporativo=maja@rcargo.pe&idTipoUsuario=2&nombreUsuario=maja&contrasena=5678&idSucursal=1&generoPersonal=FEMENINO HTTP/1.1" 200 14
0:0:0:0:0:0:0:1 - - [10/Oct/2018:13:10:55 -0500] "GET /rest/Personal/ListarPersonal?cadena= HTTP/1.1" 200 8752
0:0:0:0:0:0:0:1 - - [10/Oct/2018:13:11:06 -0500] "GET /rest/Personal/EliminarPersonal?idPersonal=31 HTTP/1.1" 200 14
0:0:0:0:0:0:0:1 - - [10/Oct/2018:13:11:08 -0500] "GET /rest/Personal/ListarPersonal?cadena= HTTP/1.1" 200 8391
0:0:0:0:0:0:0:1 - - [10/Oct/2018:13:11:21 -0500] "GET /rest/Personal/EliminarPersonal?idPersonal=32 HTTP/1.1" 200 14
0:0:0:0:0:0:0:1 - - [10/Oct/2018:13:11:23 -0500] "GET /rest/Personal/ListarPersonal?cadena= HTTP/1.1" 200 8027
